423 INFO: PyInstaller: 6.20.0, contrib hooks: 2026.4
424 INFO: Python: 3.12.10
483 INFO: Platform: Windows-11-10.0.26200-SP0
484 INFO: Python environment: C:\Users\dayan\AppData\Local\Programs\Python\Python312
21117 INFO: Module search paths (PYTHONPATH):
['C:\\BLUE_AI',
 'C:\\Users\\dayan\\AppData\\Local\\Programs\\Python\\Python312\\python312.zip',
 'C:\\Users\\dayan\\AppData\\Local\\Programs\\Python\\Python312\\DLLs',
 'C:\\Users\\dayan\\AppData\\Local\\Programs\\Python\\Python312\\Lib',
 'C:\\Users\\dayan\\AppData\\Local\\Programs\\Python\\Python312',
 'C:\\Users\\dayan\\AppData\\Local\\Programs\\Python\\Python312\\Lib\\site-packages',
 'C:\\Users\\dayan\\AppData\\Local\\Programs\\Python\\Python312\\Lib\\site-packages\\win32',
 'C:\\Users\\dayan\\AppData\\Local\\Programs\\Python\\Python312\\Lib\\site-packages\\win32\\lib',
 'C:\\Users\\dayan\\AppData\\Local\\Programs\\Python\\Python312\\Lib\\site-packages\\Pythonwin',
 'C:\\BLUE_AI']
22770 INFO: Appending 'binaries' from .spec
22772 INFO: Appending 'datas' from .spec
22877 INFO: checking Analysis
23056 INFO: Building because hiddenimports changed
23056 INFO: Looking for Python shared library...
23057 INFO: Using Python shared library: C:\Users\dayan\AppData\Local\Programs\Python\Python312\python312.dll
23057 INFO: Running Analysis Analysis-00.toc
23057 INFO: Target bytecode optimization level: 0
23057 INFO: Initializing module dependency graph...
23062 INFO: Initializing module graph hook caches...
23375 INFO: Analyzing modules for base_library.zip ...
25641 INFO: Processing standard module hook 'hook-encodings.py' from 'C:\\Users\\dayan\\AppData\\Local\\Programs\\Python\\Python312\\Lib\\site-packages\\PyInstaller\\hooks'
29623 INFO: Processing standard module hook 'hook-pickle.py' from 'C:\\Users\\dayan\\AppData\\Local\\Programs\\Python\\Python312\\Lib\\site-packages\\PyInstaller\\hooks'
34085 INFO: Processing standard module hook 'hook-heapq.py' from 'C:\\Users\\dayan\\AppData\\Local\\Programs\\Python\\Python312\\Lib\\site-packages\\PyInstaller\\hooks'
39670 INFO: Caching module dependency graph...
39721 INFO: Analyzing C:\BLUE_AI\blue_ai\app.py
39792 INFO: Processing standard module hook 'hook-webview.py' from 'C:\\Users\\dayan\\AppData\\Local\\Programs\\Python\\Python312\\Lib\\site-packages\\webview\\__pyinstaller'
40029 INFO: Processing standard module hook 'hook-platform.py' from 'C:\\Users\\dayan\\AppData\\Local\\Programs\\Python\\Python312\\Lib\\site-packages\\PyInstaller\\hooks'
42166 INFO: Processing standard module hook 'hook-multiprocessing.util.py' from 'C:\\Users\\dayan\\AppData\\Local\\Programs\\Python\\Python312\\Lib\\site-packages\\PyInstaller\\hooks'
42406 INFO: Processing standard module hook 'hook-xml.py' from 'C:\\Users\\dayan\\AppData\\Local\\Programs\\Python\\Python312\\Lib\\site-packages\\PyInstaller\\hooks'
43270 INFO: Processing standard module hook 'hook-_ctypes.py' from 'C:\\Users\\dayan\\AppData\\Local\\Programs\\Python\\Python312\\Lib\\site-packages\\PyInstaller\\hooks'
45193 INFO: Processing standard module hook 'hook-jinja2.py' from 'C:\\Users\\dayan\\AppData\\Local\\Programs\\Python\\Python312\\Lib\\site-packages\\_pyinstaller_hooks_contrib\\stdhooks'
45263 INFO: Processing pre-safe-import-module hook 'hook-typing_extensions.py' from 'C:\\Users\\dayan\\AppData\\Local\\Programs\\Python\\Python312\\Lib\\site-packages\\PyInstaller\\hooks\\pre_safe_import_module'
45269 INFO: SetuptoolsInfo: initializing cached setuptools info...
49363 INFO: Processing pre-safe-import-module hook 'hook-gi.py' from 'C:\\Users\\dayan\\AppData\\Local\\Programs\\Python\\Python312\\Lib\\site-packages\\PyInstaller\\hooks\\pre_safe_import_module'
49793 INFO: Processing standard module hook 'hook-clr.py' from 'C:\\Users\\dayan\\AppData\\Local\\Programs\\Python\\Python312\\Lib\\site-packages\\_pyinstaller_hooks_contrib\\stdhooks'
49912 INFO: Processing standard module hook 'hook-clr_loader.py' from 'C:\\Users\\dayan\\AppData\\Local\\Programs\\Python\\Python312\\Lib\\site-packages\\_pyinstaller_hooks_contrib\\stdhooks'
50411 INFO: Processing standard module hook 'hook-pycparser.py' from 'C:\\Users\\dayan\\AppData\\Local\\Programs\\Python\\Python312\\Lib\\site-packages\\_pyinstaller_hooks_contrib\\stdhooks'
50941 INFO: Processing standard module hook 'hook-setuptools.py' from 'C:\\Users\\dayan\\AppData\\Local\\Programs\\Python\\Python312\\Lib\\site-packages\\PyInstaller\\hooks'
51107 INFO: Processing pre-safe-import-module hook 'hook-distutils.py' from 'C:\\Users\\dayan\\AppData\\Local\\Programs\\Python\\Python312\\Lib\\site-packages\\PyInstaller\\hooks\\pre_safe_import_module'
51472 INFO: Processing standard module hook 'hook-sysconfig.py' from 'C:\\Users\\dayan\\AppData\\Local\\Programs\\Python\\Python312\\Lib\\site-packages\\PyInstaller\\hooks'
51506 INFO: Processing pre-safe-import-module hook 'hook-jaraco.py' from 'C:\\Users\\dayan\\AppData\\Local\\Programs\\Python\\Python312\\Lib\\site-packages\\PyInstaller\\hooks\\pre_safe_import_module'
51508 INFO: Setuptools: 'jaraco' appears to be a full setuptools-vendored copy - creating alias to 'setuptools._vendor.jaraco'!
51591 INFO: Processing pre-safe-import-module hook 'hook-more_itertools.py' from 'C:\\Users\\dayan\\AppData\\Local\\Programs\\Python\\Python312\\Lib\\site-packages\\PyInstaller\\hooks\\pre_safe_import_module'
51593 INFO: Setuptools: 'more_itertools' appears to be a setuptools-vendored copy - creating alias to 'setuptools._vendor.more_itertools'!
52577 INFO: Processing pre-safe-import-module hook 'hook-packaging.py' from 'C:\\Users\\dayan\\AppData\\Local\\Programs\\Python\\Python312\\Lib\\site-packages\\PyInstaller\\hooks\\pre_safe_import_module'
53561 INFO: Processing standard module hook 'hook-setuptools._vendor.jaraco.text.py' from 'C:\\Users\\dayan\\AppData\\Local\\Programs\\Python\\Python312\\Lib\\site-packages\\PyInstaller\\hooks'
53565 INFO: Processing pre-safe-import-module hook 'hook-importlib_resources.py' from 'C:\\Users\\dayan\\AppData\\Local\\Programs\\Python\\Python312\\Lib\\site-packages\\PyInstaller\\hooks\\pre_safe_import_module'
54186 INFO: Processing pre-safe-import-module hook 'hook-backports.py' from 'C:\\Users\\dayan\\AppData\\Local\\Programs\\Python\\Python312\\Lib\\site-packages\\PyInstaller\\hooks\\pre_safe_import_module'
54189 INFO: Setuptools: 'backports' appears to be a full setuptools-vendored copy - creating alias to 'setuptools._vendor.backports'!
54873 INFO: Processing pre-safe-import-module hook 'hook-importlib_metadata.py' from 'C:\\Users\\dayan\\AppData\\Local\\Programs\\Python\\Python312\\Lib\\site-packages\\PyInstaller\\hooks\\pre_safe_import_module'
54876 INFO: Setuptools: 'importlib_metadata' appears to be a setuptools-vendored copy - creating alias to 'setuptools._vendor.importlib_metadata'!
54964 INFO: Processing standard module hook 'hook-setuptools._vendor.importlib_metadata.py' from 'C:\\Users\\dayan\\AppData\\Local\\Programs\\Python\\Python312\\Lib\\site-packages\\PyInstaller\\hooks'
55363 INFO: Processing pre-safe-import-module hook 'hook-zipp.py' from 'C:\\Users\\dayan\\AppData\\Local\\Programs\\Python\\Python312\\Lib\\site-packages\\PyInstaller\\hooks\\pre_safe_import_module'
55366 INFO: Setuptools: 'zipp' appears to be a setuptools-vendored copy - creating alias to 'setuptools._vendor.zipp'!
56788 INFO: Processing pre-safe-import-module hook 'hook-tomli.py' from 'C:\\Users\\dayan\\AppData\\Local\\Programs\\Python\\Python312\\Lib\\site-packages\\PyInstaller\\hooks\\pre_safe_import_module'
56791 INFO: Setuptools: 'tomli' appears to be a setuptools-vendored copy - creating alias to 'setuptools._vendor.tomli'!
59297 INFO: Processing pre-safe-import-module hook 'hook-wheel.py' from 'C:\\Users\\dayan\\AppData\\Local\\Programs\\Python\\Python312\\Lib\\site-packages\\PyInstaller\\hooks\\pre_safe_import_module'
59298 INFO: Setuptools: 'wheel' appears to be a setuptools-vendored copy - creating alias to 'setuptools._vendor.wheel'!
60429 INFO: Processing standard module hook 'hook-difflib.py' from 'C:\\Users\\dayan\\AppData\\Local\\Programs\\Python\\Python312\\Lib\\site-packages\\PyInstaller\\hooks'
62177 INFO: Processing standard module hook 'hook-xml.etree.cElementTree.py' from 'C:\\Users\\dayan\\AppData\\Local\\Programs\\Python\\Python312\\Lib\\site-packages\\PyInstaller\\hooks'
62736 INFO: Processing standard module hook 'hook-psutil.py' from 'C:\\Users\\dayan\\AppData\\Local\\Programs\\Python\\Python312\\Lib\\site-packages\\_pyinstaller_hooks_contrib\\stdhooks'
64293 INFO: Processing standard module hook 'hook-certifi.py' from 'C:\\Users\\dayan\\AppData\\Local\\Programs\\Python\\Python312\\Lib\\site-packages\\_pyinstaller_hooks_contrib\\stdhooks'
65209 INFO: Processing standard module hook 'hook-anyio.py' from 'C:\\Users\\dayan\\AppData\\Local\\Programs\\Python\\Python312\\Lib\\site-packages\\_pyinstaller_hooks_contrib\\stdhooks'
70349 INFO: Processing standard module hook 'hook-pygments.py' from 'C:\\Users\\dayan\\AppData\\Local\\Programs\\Python\\Python312\\Lib\\site-packages\\PyInstaller\\hooks'
72434 INFO: Processing standard module hook 'hook-rich.py' from 'C:\\Users\\dayan\\AppData\\Local\\Programs\\Python\\Python312\\Lib\\site-packages\\_pyinstaller_hooks_contrib\\stdhooks'
80235 INFO: Processing standard module hook 'hook-pythoncom.py' from 'C:\\Users\\dayan\\AppData\\Local\\Programs\\Python\\Python312\\Lib\\site-packages\\_pyinstaller_hooks_contrib\\stdhooks'
80441 INFO: Processing standard module hook 'hook-pywintypes.py' from 'C:\\Users\\dayan\\AppData\\Local\\Programs\\Python\\Python312\\Lib\\site-packages\\_pyinstaller_hooks_contrib\\stdhooks'
80534 INFO: Processing pre-safe-import-module hook 'hook-win32com.py' from 'C:\\Users\\dayan\\AppData\\Local\\Programs\\Python\\Python312\\Lib\\site-packages\\_pyinstaller_hooks_contrib\\pre_safe_import_module'
80696 INFO: Processing standard module hook 'hook-win32com.py' from 'C:\\Users\\dayan\\AppData\\Local\\Programs\\Python\\Python312\\Lib\\site-packages\\_pyinstaller_hooks_contrib\\stdhooks'
81905 INFO: Processing standard module hook 'hook-docx.py' from 'C:\\Users\\dayan\\AppData\\Local\\Programs\\Python\\Python312\\Lib\\site-packages\\_pyinstaller_hooks_contrib\\stdhooks'
82832 INFO: Processing standard module hook 'hook-lxml.py' from 'C:\\Users\\dayan\\AppData\\Local\\Programs\\Python\\Python312\\Lib\\site-packages\\_pyinstaller_hooks_contrib\\stdhooks'
83677 INFO: Processing standard module hook 'hook-lxml.etree.py' from 'C:\\Users\\dayan\\AppData\\Local\\Programs\\Python\\Python312\\Lib\\site-packages\\_pyinstaller_hooks_contrib\\stdhooks'
86520 INFO: Processing standard module hook 'hook-openpyxl.py' from 'C:\\Users\\dayan\\AppData\\Local\\Programs\\Python\\Python312\\Lib\\site-packages\\_pyinstaller_hooks_contrib\\stdhooks'
87964 INFO: Processing standard module hook 'hook-numpy.py' from 'C:\\Users\\dayan\\AppData\\Local\\Programs\\Python\\Python312\\Lib\\site-packages\\PyInstaller\\hooks'
97526 INFO: Processing standard module hook 'hook-charset_normalizer.py' from 'C:\\Users\\dayan\\AppData\\Local\\Programs\\Python\\Python312\\Lib\\site-packages\\_pyinstaller_hooks_contrib\\stdhooks'
102487 INFO: Processing standard module hook 'hook-PIL.py' from 'C:\\Users\\dayan\\AppData\\Local\\Programs\\Python\\Python312\\Lib\\site-packages\\PyInstaller\\hooks'
102610 INFO: Processing standard module hook 'hook-PIL.Image.py' from 'C:\\Users\\dayan\\AppData\\Local\\Programs\\Python\\Python312\\Lib\\site-packages\\PyInstaller\\hooks'
103758 INFO: Processing standard module hook 'hook-PIL.ImageFilter.py' from 'C:\\Users\\dayan\\AppData\\Local\\Programs\\Python\\Python312\\Lib\\site-packages\\PyInstaller\\hooks'
108079 INFO: Processing standard module hook 'hook-pptx.py' from 'C:\\Users\\dayan\\AppData\\Local\\Programs\\Python\\Python312\\Lib\\site-packages\\_pyinstaller_hooks_contrib\\stdhooks'
116984 INFO: Processing standard module hook 'hook-comtypes.client.py' from 'C:\\Users\\dayan\\AppData\\Local\\Programs\\Python\\Python312\\Lib\\site-packages\\_pyinstaller_hooks_contrib\\stdhooks'
119368 INFO: Processing standard module hook 'hook-sounddevice.py' from 'C:\\Users\\dayan\\AppData\\Local\\Programs\\Python\\Python312\\Lib\\site-packages\\_pyinstaller_hooks_contrib\\stdhooks'
119492 INFO: Processing standard module hook 'hook-soundfile.py' from 'C:\\Users\\dayan\\AppData\\Local\\Programs\\Python\\Python312\\Lib\\site-packages\\_pyinstaller_hooks_contrib\\stdhooks'
119637 INFO: Processing standard module hook 'hook-av.py' from 'C:\\Users\\dayan\\AppData\\Local\\Programs\\Python\\Python312\\Lib\\site-packages\\_pyinstaller_hooks_contrib\\stdhooks'
122667 INFO: Processing pre-safe-import-module hook 'hook-tensorflow.py' from 'C:\\Users\\dayan\\AppData\\Local\\Programs\\Python\\Python312\\Lib\\site-packages\\_pyinstaller_hooks_contrib\\pre_safe_import_module'
123951 INFO: Processing standard module hook 'hook-pydantic.py' from 'C:\\Users\\dayan\\AppData\\Local\\Programs\\Python\\Python312\\Lib\\site-packages\\_pyinstaller_hooks_contrib\\stdhooks'
126264 INFO: Processing standard module hook 'hook-zoneinfo.py' from 'C:\\Users\\dayan\\AppData\\Local\\Programs\\Python\\Python312\\Lib\\site-packages\\_pyinstaller_hooks_contrib\\stdhooks'
130761 INFO: Processing standard module hook 'hook-sqlite3.py' from 'C:\\Users\\dayan\\AppData\\Local\\Programs\\Python\\Python312\\Lib\\site-packages\\PyInstaller\\hooks'
142679 INFO: Processing standard module hook 'hook-fsspec.py' from 'C:\\Users\\dayan\\AppData\\Local\\Programs\\Python\\Python312\\Lib\\site-packages\\_pyinstaller_hooks_contrib\\stdhooks'
145795 INFO: Processing standard module hook 'hook-onnxruntime.py' from 'C:\\Users\\dayan\\AppData\\Local\\Programs\\Python\\Python312\\Lib\\site-packages\\_pyinstaller_hooks_contrib\\stdhooks'
146668 INFO: Processing standard module hook 'hook-urllib3.py' from 'C:\\Users\\dayan\\AppData\\Local\\Programs\\Python\\Python312\\Lib\\site-packages\\_pyinstaller_hooks_contrib\\stdhooks'
160796 INFO: Processing standard module hook 'hook-pyttsx3.py' from 'C:\\Users\\dayan\\AppData\\Local\\Programs\\Python\\Python312\\Lib\\site-packages\\_pyinstaller_hooks_contrib\\stdhooks'
160897 INFO: Analyzing hidden import 'blue_ai.app'
160945 INFO: Analyzing hidden import 'blue_ai.core.engine'
161017 INFO: Analyzing hidden import 'blue_ai.ai.model'
161097 INFO: Processing standard module hook 'hook-sklearn.py' from 'C:\\Users\\dayan\\AppData\\Local\\Programs\\Python\\Python312\\Lib\\site-packages\\_pyinstaller_hooks_contrib\\stdhooks'
168429 INFO: Processing standard module hook 'hook-sklearn.utils.py' from 'C:\\Users\\dayan\\AppData\\Local\\Programs\\Python\\Python312\\Lib\\site-packages\\_pyinstaller_hooks_contrib\\stdhooks'
168849 INFO: Processing standard module hook 'hook-scipy.py' from 'C:\\Users\\dayan\\AppData\\Local\\Programs\\Python\\Python312\\Lib\\site-packages\\PyInstaller\\hooks'
174132 INFO: Processing standard module hook 'hook-scipy.linalg.py' from 'C:\\Users\\dayan\\AppData\\Local\\Programs\\Python\\Python312\\Lib\\site-packages\\PyInstaller\\hooks'
175107 INFO: Processing standard module hook 'hook-scipy.special._ufuncs.py' from 'C:\\Users\\dayan\\AppData\\Local\\Programs\\Python\\Python312\\Lib\\site-packages\\PyInstaller\\hooks'
181547 INFO: Processing standard module hook 'hook-scipy.spatial._ckdtree.py' from 'C:\\Users\\dayan\\AppData\\Local\\Programs\\Python\\Python312\\Lib\\site-packages\\PyInstaller\\hooks'
184524 INFO: Processing standard module hook 'hook-scipy.spatial.transform.rotation.py' from 'C:\\Users\\dayan\\AppData\\Local\\Programs\\Python\\Python312\\Lib\\site-packages\\PyInstaller\\hooks'
187797 INFO: Processing standard module hook 'hook-scipy.stats._stats.py' from 'C:\\Users\\dayan\\AppData\\Local\\Programs\\Python\\Python312\\Lib\\site-packages\\PyInstaller\\hooks'
189633 INFO: Processing standard module hook 'hook-scipy.sparse.csgraph.py' from 'C:\\Users\\dayan\\AppData\\Local\\Programs\\Python\\Python312\\Lib\\site-packages\\PyInstaller\\hooks'
194071 INFO: Processing standard module hook 'hook-scipy.special._ellip_harm_2.py' from 'C:\\Users\\dayan\\AppData\\Local\\Programs\\Python\\Python312\\Lib\\site-packages\\PyInstaller\\hooks'
198527 INFO: Processing standard module hook 'hook-sklearn.externals.array_api_compat.numpy.py' from 'C:\\Users\\dayan\\AppData\\Local\\Programs\\Python\\Python312\\Lib\\site-packages\\_pyinstaller_hooks_contrib\\stdhooks'
198882 INFO: Processing standard module hook 'hook-sklearn.externals.array_api_compat.cupy.py' from 'C:\\Users\\dayan\\AppData\\Local\\Programs\\Python\\Python312\\Lib\\site-packages\\_pyinstaller_hooks_contrib\\stdhooks'
199042 INFO: Processing standard module hook 'hook-sklearn.externals.array_api_compat.torch.py' from 'C:\\Users\\dayan\\AppData\\Local\\Programs\\Python\\Python312\\Lib\\site-packages\\_pyinstaller_hooks_contrib\\stdhooks'
199225 INFO: Processing standard module hook 'hook-sklearn.externals.array_api_compat.dask.array.py' from 'C:\\Users\\dayan\\AppData\\Local\\Programs\\Python\\Python312\\Lib\\site-packages\\_pyinstaller_hooks_contrib\\stdhooks'
200584 INFO: Processing standard module hook 'hook-sklearn.metrics.py' from 'C:\\Users\\dayan\\AppData\\Local\\Programs\\Python\\Python312\\Lib\\site-packages\\_pyinstaller_hooks_contrib\\stdhooks'
221839 INFO: Processing standard module hook 'hook-sklearn.metrics.cluster.py' from 'C:\\Users\\dayan\\AppData\\Local\\Programs\\Python\\Python312\\Lib\\site-packages\\_pyinstaller_hooks_contrib\\stdhooks'
222194 INFO: Processing standard module hook 'hook-sklearn.metrics.pairwise.py' from 'C:\\Users\\dayan\\AppData\\Local\\Programs\\Python\\Python312\\Lib\\site-packages\\_pyinstaller_hooks_contrib\\stdhooks'
222977 INFO: Processing standard module hook 'hook-sklearn.cluster.py' from 'C:\\Users\\dayan\\AppData\\Local\\Programs\\Python\\Python312\\Lib\\site-packages\\_pyinstaller_hooks_contrib\\stdhooks'
223800 INFO: Processing standard module hook 'hook-sklearn.neighbors.py' from 'C:\\Users\\dayan\\AppData\\Local\\Programs\\Python\\Python312\\Lib\\site-packages\\_pyinstaller_hooks_contrib\\stdhooks'
224396 INFO: Processing standard module hook 'hook-sklearn.linear_model.py' from 'C:\\Users\\dayan\\AppData\\Local\\Programs\\Python\\Python312\\Lib\\site-packages\\_pyinstaller_hooks_contrib\\stdhooks'
231020 INFO: Analyzing hidden import 'blue_ai.ai.intent'
231062 INFO: Analyzing hidden import 'blue_ai.ai.executor'
231114 INFO: Analyzing hidden import 'blue_ai.plugins.system_monitor'
C:\Users\dayan\AppData\Local\Programs\Python\Python312\Lib\site-packages\wmi.py:32: SyntaxWarning: invalid escape sequence '\_'
  `GetObjectText\_` method being called, which usually produces
C:\Users\dayan\AppData\Local\Programs\Python\Python312\Lib\site-packages\wmi.py:917: SyntaxWarning: invalid escape sequence '\_'
  """This is the equivalent to the raw-WMI SpawnInstance\_
231224 INFO: Analyzing hidden import 'blue_ai.plugins.process_manager'
231234 INFO: Analyzing hidden import 'blue_ai.plugins.file_manager'
231247 INFO: Analyzing hidden import 'blue_ai.plugins.network'
231258 INFO: Analyzing hidden import 'blue_ai.plugins.performance'
231445 INFO: Processing standard module hook 'hook-sklearn.tree.py' from 'C:\\Users\\dayan\\AppData\\Local\\Programs\\Python\\Python312\\Lib\\site-packages\\_pyinstaller_hooks_contrib\\stdhooks'
232624 INFO: Analyzing hidden import 'blue_ai.plugins.power'
232630 INFO: Analyzing hidden import 'blue_ai.plugins.security'
232646 INFO: Analyzing hidden import 'blue_ai.plugins.cleaner'
232665 INFO: Analyzing hidden import 'blue_ai.plugins.scheduler'
232677 INFO: Analyzing hidden import 'blue_ai.plugins.startup'
232688 INFO: Analyzing hidden import 'blue_ai.plugins.updater'
232697 INFO: Analyzing hidden import 'sklearn.utils._cython_blas'
232698 INFO: Analyzing hidden import 'sklearn.neighbors._typedefs'
232699 ERROR: Hidden import 'sklearn.neighbors._typedefs' not found
232699 INFO: Analyzing hidden import 'sklearn.neighbors._quad_tree'
232700 INFO: Analyzing hidden import 'pyttsx3.drivers'
232703 INFO: Analyzing hidden import 'pyttsx3.drivers.sapi5'
233364 INFO: Analyzing hidden import 'pygame.mixer'
233364 ERROR: Hidden import 'pygame.mixer' not found
233365 INFO: Analyzing hidden import 'win32clipboard'
233366 INFO: Analyzing hidden import 'mss.__main__'
233373 INFO: Processing module hooks (post-graph stage)...
237003 INFO: Processing standard module hook 'hook-lxml.isoschematron.py' from 'C:\\Users\\dayan\\AppData\\Local\\Programs\\Python\\Python312\\Lib\\site-packages\\_pyinstaller_hooks_contrib\\stdhooks'
237173 WARNING: Hidden import "pycparser.lextab" not found!
237174 WARNING: Hidden import "pycparser.yacctab" not found!
241961 INFO: Processing standard module hook 'hook-PIL.SpiderImagePlugin.py' from 'C:\\Users\\dayan\\AppData\\Local\\Programs\\Python\\Python312\\Lib\\site-packages\\PyInstaller\\hooks'
260358 WARNING: Hidden import "scipy.special._cdflib" not found!
260581 INFO: Processing standard module hook 'hook-lxml.objectify.py' from 'C:\\Users\\dayan\\AppData\\Local\\Programs\\Python\\Python312\\Lib\\site-packages\\_pyinstaller_hooks_contrib\\stdhooks'
260590 INFO: Processing standard module hook 'hook-tzdata.py' from 'C:\\Users\\dayan\\AppData\\Local\\Programs\\Python\\Python312\\Lib\\site-packages\\_pyinstaller_hooks_contrib\\stdhooks'
261991 INFO: Performing binary vs. data reclassification (1743 entries)
298115 INFO: Looking for ctypes DLLs
298563 INFO: Analyzing run-time hooks ...
298585 INFO: Including run-time hook 'pyi_rth_inspect.py' from 'C:\\Users\\dayan\\AppData\\Local\\Programs\\Python\\Python312\\Lib\\site-packages\\PyInstaller\\hooks\\rthooks'
298631 INFO: Including run-time hook 'pyi_rth_pkgutil.py' from 'C:\\Users\\dayan\\AppData\\Local\\Programs\\Python\\Python312\\Lib\\site-packages\\PyInstaller\\hooks\\rthooks'
298676 INFO: Including run-time hook 'pyi_rth_multiprocessing.py' from 'C:\\Users\\dayan\\AppData\\Local\\Programs\\Python\\Python312\\Lib\\site-packages\\PyInstaller\\hooks\\rthooks'
298720 INFO: Including run-time hook 'pyi_rth_pywintypes.py' from 'C:\\Users\\dayan\\AppData\\Local\\Programs\\Python\\Python312\\Lib\\site-packages\\_pyinstaller_hooks_contrib\\rthooks'
298749 INFO: Including run-time hook 'pyi_rth_pythoncom.py' from 'C:\\Users\\dayan\\AppData\\Local\\Programs\\Python\\Python312\\Lib\\site-packages\\_pyinstaller_hooks_contrib\\rthooks'
298755 INFO: Including run-time hook 'pyi_rth_setuptools.py' from 'C:\\Users\\dayan\\AppData\\Local\\Programs\\Python\\Python312\\Lib\\site-packages\\PyInstaller\\hooks\\rthooks'
298909 INFO: Creating base_library.zip...
298926 INFO: Looking for dynamic libraries
310671 INFO: Extra DLL search directories (AddDllDirectory): ['C:\\Users\\dayan\\AppData\\Local\\Programs\\Python\\Python312\\Lib\\site-packages\\numpy.libs', 'C:\\Users\\dayan\\AppData\\Local\\Programs\\Python\\Python312\\Lib\\site-packages\\scipy.libs', 'C:\\Users\\dayan\\AppData\\Local\\Programs\\Python\\Python312\\Lib\\site-packages\\vosk', 'C:\\Users\\dayan\\AppData\\Local\\Programs\\Python\\Python312\\Lib\\site-packages\\av.libs', 'C:\\Users\\dayan\\AppData\\Local\\Programs\\Python\\Python312\\Lib\\site-packages\\ctranslate2', 'C:\\Users\\dayan\\AppData\\Local\\Programs\\Python\\Python312\\Lib\\site-packages\\ctranslate2/../_rocm_sdk_core/bin']
310671 INFO: Extra DLL search directories (PATH): ['C:\\Users\\dayan\\AppData\\Local\\Programs\\Python\\Python312\\Lib\\site-packages\\vosk']
319659 INFO: Warnings written to C:\BLUE_AI\build\blue_ai\warn-blue_ai.txt
319950 INFO: Graph cross-reference written to C:\BLUE_AI\build\blue_ai\xref-blue_ai.html
320231 INFO: checking PYZ
320359 INFO: Building because toc changed
320359 INFO: Building PYZ (ZlibArchive) C:\BLUE_AI\build\blue_ai\PYZ-00.pyz
323005 INFO: Building PYZ (ZlibArchive) C:\BLUE_AI\build\blue_ai\PYZ-00.pyz completed successfully.
323067 INFO: checking PKG
323100 INFO: Building because toc changed
323101 INFO: Building PKG (CArchive) BLUE_AI.pkg
323312 INFO: Building PKG (CArchive) BLUE_AI.pkg completed successfully.
323314 INFO: Bootloader C:\Users\dayan\AppData\Local\Programs\Python\Python312\Lib\site-packages\PyInstaller\bootloader\Windows-64bit-intel\runw.exe
323316 INFO: checking EXE
323358 INFO: Building because toc changed
323359 INFO: Building EXE from EXE-00.toc
323360 INFO: Copying bootloader EXE to C:\BLUE_AI\build\blue_ai\BLUE_AI.exe
323623 INFO: Copying icon to EXE
323767 INFO: Copying 0 resources to EXE
323767 INFO: Embedding manifest in EXE
323896 INFO: Appending PKG archive to EXE
324200 INFO: Fixing EXE headers
325098 INFO: Building EXE from EXE-00.toc completed successfully.
325114 INFO: checking COLLECT
325184 INFO: Removing dir C:\BLUE_AI\dist\BLUE_AI
325533 INFO: Building COLLECT COLLECT-00.toc
331512 INFO: Building COLLECT COLLECT-00.toc completed successfully.
331546 INFO: Build complete! The results are available in: C:\BLUE_AI\dist
[Spec] Vosk bulundu: C:\Users\dayan\AppData\Local\Programs\Python\Python312\Lib\site-packages\vosk
[Spec] DLL eklendi: libgcc_s_seh-1.dll
[Spec] DLL eklendi: libstdc++-6.dll
[Spec] DLL eklendi: libvosk.dll
[Spec] DLL eklendi: libwinpthread-1.dll
[Spec] collect_all: winsdk -> 3 hidden, 0 binary, 624 data
[Spec] collect_all: mss -> 19 hidden, 0 binary, 21 data
